WARNING: ./test/instruction_memory.v:22: $readmemh(./test/cases/bltzal_4.bytes.txt): Not enough words in the file for the requested range [32:1023].
VCD info: dumpfile mips_cpu_harvard_tb.vcd opened for output.
Register v0:00000000
Register v0:00000000
Register v0:00000000
Register v0:00000000
Register v0:bfc0000c
Register v0:bfc0000c
Register v0:bfc0000c
Output at v0:bfc0000c
TB : finished; running=0
