ERROR: ./test/instruction_memory.v:21: $readmemh: Unable to open ./test/cases/srav*.bytes.txt for reading.
VCD info: dumpfile mips_cpu_harvard_tb.vcd opened for output.
accessed
exec state
exec state
Register v0:00000000
Register v0:00000000
exec state
exec state
Register v0:00000000
Register v0:00000000
exec state
exec state
Register v0:00000000
Register v0:00000000
exec state
exec state
Register v0:00000000
FATAL: ./test/mips_cpu_harvard_tb.v:41: Simulation did not finish within          10 cycles.
       Time: 20000 Scope: mips_cpu_harvard_tb
