WARNING: ./test/instruction_memory.v:22: $readmemh(./test/cases/mfhi_2.bytes.txt): Not enough words in the file for the requested range [32:1023].
VCD info: dumpfile mips_cpu_harvard_tb.vcd opened for output.
Register v0:00000000
Register v0:00000000
Register v0:00000000
Register v0:0000000f
Register v0:0000000f
Output at v0:0000000f
TB : finished; running=0
