WARNING: ./test/instruction_memory.v:22: $readmemh(./test/cases/lbu_3.bytes.txt): Not enough words in the file for the requested range [32:1023].
VCD info: dumpfile mips_cpu_harvard_tb.vcd opened for output.
Register v0:00000000
Register v0:00000000
Register v0:00000000
Register v0:000000fd
Register v0:000000fd
Output at v0:000000fd
TB : finished; running=0
