WARNING: ./test/instruction_memory.v:22: $readmemh(./test/cases/lwr_4.bytes.txt): Not enough words in the file for the requested range [32:1023].
VCD info: dumpfile mips_cpu_harvard_tb.vcd opened for output.
Register v0:00000000
Register v0:00000000
Register v0:00000000
Register v0:00000000
Register v0:00000000
Register v0:00000000
Register v0:00000000
Register v0:87654301
Register v0:87654301
Output at v0:87654301
TB : finished; running=0
