ERROR: ./test/instruction_memory.v:22: $readmemh: Unable to open ./test/cases/mips_cpu_harvard_tb.vcd.bytes.txt for reading.
VCD info: dumpfile mips_cpu_harvard_tb.vcd opened for output.
Register v0:00000000
Register v0:00000000
Register v0:00000000
Register v0:00000000
Register v0:00000000
Register v0:00000000
Register v0:00000000
Register v0:00000000
Register v0:00000000
Register v0:00000000
Register v0:00000000
Register v0:00000000
Register v0:00000000
Register v0:00000000
Register v0:00000000
Register v0:00000000
Register v0:00000000
Register v0:00000000
Register v0:00000000
Register v0:00000000
Register v0:00000000
Register v0:00000000
Register v0:00000000
Register v0:00000000
Register v0:00000000
Register v0:00000000
Register v0:00000000
Register v0:00000000
Register v0:00000000
Register v0:00000000
Register v0:00000000
Register v0:00000000
Register v0:00000000
Register v0:00000000
Register v0:00000000
Register v0:00000000
Register v0:00000000
Register v0:00000000
Register v0:00000000
Register v0:00000000
Register v0:00000000
Register v0:00000000
Register v0:00000000
Register v0:00000000
Register v0:00000000
Register v0:00000000
Register v0:00000000
Register v0:00000000
Register v0:00000000
Register v0:00000000
Register v0:00000000
Register v0:00000000
Register v0:00000000
Register v0:00000000
Register v0:00000000
Register v0:00000000
Register v0:00000000
Register v0:00000000
Register v0:00000000
Register v0:00000000
Register v0:00000000
Register v0:00000000
Register v0:00000000
Register v0:00000000
Register v0:00000000
Register v0:00000000
Register v0:00000000
Register v0:00000000
Register v0:00000000
Register v0:00000000
Register v0:00000000
Register v0:00000000
Register v0:00000000
Register v0:00000000
Register v0:00000000
Register v0:00000000
Register v0:00000000
Register v0:00000000
Register v0:00000000
Register v0:00000000
Register v0:00000000
Register v0:00000000
Register v0:00000000
Register v0:00000000
Register v0:00000000
Register v0:00000000
Register v0:00000000
Register v0:00000000
Register v0:00000000
Register v0:00000000
Register v0:00000000
Register v0:00000000
Register v0:00000000
Register v0:00000000
Register v0:00000000
Register v0:00000000
Register v0:00000000
Register v0:00000000
Register v0:00000000
Register v0:00000000
Register v0:00000000
Register v0:00000000
Register v0:00000000
Register v0:00000000
Register v0:00000000
Register v0:00000000
Register v0:00000000
Register v0:00000000
Register v0:00000000
Register v0:00000000
Register v0:00000000
Register v0:00000000
Register v0:00000000
Register v0:00000000
Register v0:00000000
Register v0:00000000
Register v0:00000000
Register v0:00000000
Register v0:00000000
Register v0:00000000
Register v0:00000000
Register v0:00000000
Register v0:00000000
Register v0:00000000
Register v0:00000000
Register v0:00000000
Register v0:00000000
Register v0:00000000
Register v0:00000000
Register v0:00000000
Register v0:00000000
Register v0:00000000
Register v0:00000000
Register v0:00000000
Register v0:00000000
Register v0:00000000
Register v0:00000000
Register v0:00000000
Register v0:00000000
Register v0:00000000
Register v0:00000000
Register v0:00000000
Register v0:00000000
Register v0:00000000
Register v0:00000000
Register v0:00000000
Register v0:00000000
Register v0:00000000
Register v0:00000000
Register v0:00000000
Register v0:00000000
Register v0:00000000
Register v0:00000000
Register v0:00000000
Register v0:00000000
Register v0:00000000
Register v0:00000000
Register v0:00000000
Register v0:00000000
Register v0:00000000
Register v0:00000000
Register v0:00000000
Register v0:00000000
Register v0:00000000
Register v0:00000000
Register v0:00000000
Register v0:00000000
Register v0:00000000
Register v0:00000000
Register v0:00000000
Register v0:00000000
Register v0:00000000
Register v0:00000000
Register v0:00000000
Register v0:00000000
Register v0:00000000
Register v0:00000000
Register v0:00000000
Register v0:00000000
Register v0:00000000
Register v0:00000000
Register v0:00000000
Register v0:00000000
Register v0:00000000
Register v0:00000000
Register v0:00000000
Register v0:00000000
Register v0:00000000
Register v0:00000000
Register v0:00000000
Register v0:00000000
Register v0:00000000
Register v0:00000000
Register v0:00000000
Register v0:00000000
Register v0:00000000
Register v0:00000000
Register v0:00000000
Register v0:00000000
Register v0:00000000
Register v0:00000000
Register v0:00000000
Register v0:00000000
Register v0:00000000
Register v0:00000000
Register v0:00000000
Register v0:00000000
Register v0:00000000
Register v0:00000000
Register v0:00000000
Register v0:00000000
Register v0:00000000
Register v0:00000000
Register v0:00000000
Register v0:00000000
Register v0:00000000
Register v0:00000000
Register v0:00000000
Register v0:00000000
Register v0:00000000
Register v0:00000000
Register v0:00000000
Register v0:00000000
Register v0:00000000
Register v0:00000000
Register v0:00000000
Register v0:00000000
Register v0:00000000
Register v0:00000000
Register v0:00000000
Register v0:00000000
Register v0:00000000
Register v0:00000000
Register v0:00000000
Register v0:00000000
Register v0:00000000
Register v0:00000000
Register v0:00000000
Register v0:00000000
Register v0:00000000
Register v0:00000000
Register v0:00000000
Register v0:00000000
Register v0:00000000
Register v0:00000000
Register v0:00000000
Register v0:00000000
Register v0:00000000
Register v0:00000000
Register v0:00000000
Register v0:00000000
Register v0:00000000
Register v0:00000000
Register v0:00000000
Register v0:00000000
Register v0:00000000
Register v0:00000000
Register v0:00000000
Register v0:00000000
Register v0:00000000
Register v0:00000000
Register v0:00000000
Register v0:00000000
Register v0:00000000
Register v0:00000000
Register v0:00000000
Register v0:00000000
Register v0:00000000
Register v0:00000000
Register v0:00000000
Register v0:00000000
Register v0:00000000
Register v0:00000000
Register v0:00000000
Register v0:00000000
Register v0:00000000
Register v0:00000000
Register v0:00000000
Register v0:00000000
Register v0:00000000
Register v0:00000000
Register v0:00000000
Register v0:00000000
Register v0:00000000
Register v0:00000000
Register v0:00000000
Register v0:00000000
Register v0:00000000
Register v0:00000000
Register v0:00000000
Register v0:00000000
Register v0:00000000
Register v0:00000000
Register v0:00000000
Register v0:00000000
Register v0:00000000
Register v0:00000000
Register v0:00000000
Register v0:00000000
Register v0:00000000
Register v0:00000000
Register v0:00000000
Register v0:00000000
Register v0:00000000
Register v0:00000000
Register v0:00000000
Register v0:00000000
Register v0:00000000
Register v0:00000000
Register v0:00000000
Register v0:00000000
Register v0:00000000
Register v0:00000000
Register v0:00000000
Register v0:00000000
Register v0:00000000
Register v0:00000000
Register v0:00000000
Register v0:00000000
Register v0:00000000
Register v0:00000000
Register v0:00000000
Register v0:00000000
Register v0:00000000
Register v0:00000000
Register v0:00000000
Register v0:00000000
Register v0:00000000
Register v0:00000000
Register v0:00000000
Register v0:00000000
Register v0:00000000
Register v0:00000000
Register v0:00000000
Register v0:00000000
Register v0:00000000
Register v0:00000000
Register v0:00000000
Register v0:00000000
Register v0:00000000
Register v0:00000000
Register v0:00000000
Register v0:00000000
Register v0:00000000
Register v0:00000000
Register v0:00000000
Register v0:00000000
Register v0:00000000
Register v0:00000000
Register v0:00000000
Register v0:00000000
Register v0:00000000
Register v0:00000000
Register v0:00000000
Register v0:00000000
Register v0:00000000
Register v0:00000000
Register v0:00000000
Register v0:00000000
Register v0:00000000
Register v0:00000000
Register v0:00000000
Register v0:00000000
Register v0:00000000
Register v0:00000000
Register v0:00000000
Register v0:00000000
Register v0:00000000
Register v0:00000000
Register v0:00000000
Register v0:00000000
Register v0:00000000
Register v0:00000000
Register v0:00000000
Register v0:00000000
Register v0:00000000
Register v0:00000000
Register v0:00000000
Register v0:00000000
Register v0:00000000
Register v0:00000000
Register v0:00000000
Register v0:00000000
Register v0:00000000
Register v0:00000000
Register v0:00000000
Register v0:00000000
Register v0:00000000
Register v0:00000000
Register v0:00000000
Register v0:00000000
Register v0:00000000
Register v0:00000000
Register v0:00000000
Register v0:00000000
Register v0:00000000
Register v0:00000000
Register v0:00000000
Register v0:00000000
Register v0:00000000
Register v0:00000000
Register v0:00000000
Register v0:00000000
Register v0:00000000
Register v0:00000000
Register v0:00000000
Register v0:00000000
Register v0:00000000
Register v0:00000000
Register v0:00000000
Register v0:00000000
Register v0:00000000
Register v0:00000000
Register v0:00000000
Register v0:00000000
Register v0:00000000
Register v0:00000000
Register v0:00000000
Register v0:00000000
Register v0:00000000
Register v0:00000000
Register v0:00000000
Register v0:00000000
Register v0:00000000
Register v0:00000000
Register v0:00000000
Register v0:00000000
Register v0:00000000
Register v0:00000000
Register v0:00000000
Register v0:00000000
Register v0:00000000
Register v0:00000000
Register v0:00000000
Register v0:00000000
Register v0:00000000
Register v0:00000000
Register v0:00000000
Register v0:00000000
Register v0:00000000
Register v0:00000000
Register v0:00000000
Register v0:00000000
Register v0:00000000
Register v0:00000000
Register v0:00000000
Register v0:00000000
Register v0:00000000
Register v0:00000000
Register v0:00000000
Register v0:00000000
Register v0:00000000
Register v0:00000000
Register v0:00000000
Register v0:00000000
Register v0:00000000
Register v0:00000000
Register v0:00000000
Register v0:00000000
Register v0:00000000
Register v0:00000000
Register v0:00000000
Register v0:00000000
Register v0:00000000
Register v0:00000000
Register v0:00000000
Register v0:00000000
Register v0:00000000
Register v0:00000000
Register v0:00000000
Register v0:00000000
Register v0:00000000
Register v0:00000000
Register v0:00000000
Register v0:00000000
Register v0:00000000
Register v0:00000000
Register v0:00000000
Register v0:00000000
Register v0:00000000
Register v0:00000000
Register v0:00000000
Register v0:00000000
Register v0:00000000
Register v0:00000000
Register v0:00000000
Register v0:00000000
Register v0:00000000
Register v0:00000000
Register v0:00000000
Register v0:00000000
Register v0:00000000
Register v0:00000000
Register v0:00000000
Register v0:00000000
Register v0:00000000
Register v0:00000000
Register v0:00000000
Register v0:00000000
Register v0:00000000
Register v0:00000000
Register v0:00000000
Register v0:00000000
Register v0:00000000
Register v0:00000000
Register v0:00000000
Register v0:00000000
Register v0:00000000
Register v0:00000000
Register v0:00000000
Register v0:00000000
Register v0:00000000
Register v0:00000000
Register v0:00000000
Register v0:00000000
Register v0:00000000
Register v0:00000000
Register v0:00000000
Register v0:00000000
Register v0:00000000
Register v0:00000000
Register v0:00000000
Register v0:00000000
Register v0:00000000
Register v0:00000000
Register v0:00000000
Register v0:00000000
Register v0:00000000
Register v0:00000000
Register v0:00000000
Register v0:00000000
Register v0:00000000
Register v0:00000000
Register v0:00000000
Register v0:00000000
Register v0:00000000
Register v0:00000000
Register v0:00000000
Register v0:00000000
Register v0:00000000
Register v0:00000000
Register v0:00000000
Register v0:00000000
Register v0:00000000
Register v0:00000000
Register v0:00000000
Register v0:00000000
Register v0:00000000
Register v0:00000000
Register v0:00000000
Register v0:00000000
Register v0:00000000
Register v0:00000000
Register v0:00000000
Register v0:00000000
Register v0:00000000
Register v0:00000000
Register v0:00000000
Register v0:00000000
Register v0:00000000
Register v0:00000000
Register v0:00000000
Register v0:00000000
Register v0:00000000
Register v0:00000000
Register v0:00000000
Register v0:00000000
Register v0:00000000
Register v0:00000000
Register v0:00000000
Register v0:00000000
Register v0:00000000
Register v0:00000000
Register v0:00000000
Register v0:00000000
Register v0:00000000
Register v0:00000000
Register v0:00000000
Register v0:00000000
Register v0:00000000
Register v0:00000000
Register v0:00000000
Register v0:00000000
Register v0:00000000
Register v0:00000000
Register v0:00000000
Register v0:00000000
Register v0:00000000
Register v0:00000000
Register v0:00000000
Register v0:00000000
Register v0:00000000
Register v0:00000000
Register v0:00000000
Register v0:00000000
Register v0:00000000
Register v0:00000000
Register v0:00000000
Register v0:00000000
Register v0:00000000
Register v0:00000000
Register v0:00000000
Register v0:00000000
Register v0:00000000
Register v0:00000000
Register v0:00000000
Register v0:00000000
Register v0:00000000
Register v0:00000000
Register v0:00000000
Register v0:00000000
Register v0:00000000
Register v0:00000000
Register v0:00000000
Register v0:00000000
Register v0:00000000
Register v0:00000000
Register v0:00000000
Register v0:00000000
Register v0:00000000
Register v0:00000000
Register v0:00000000
Register v0:00000000
Register v0:00000000
Register v0:00000000
Register v0:00000000
Register v0:00000000
Register v0:00000000
Register v0:00000000
Register v0:00000000
Register v0:00000000
Register v0:00000000
Register v0:00000000
Register v0:00000000
Register v0:00000000
Register v0:00000000
Register v0:00000000
Register v0:00000000
Register v0:00000000
Register v0:00000000
Register v0:00000000
Register v0:00000000
Register v0:00000000
Register v0:00000000
Register v0:00000000
Register v0:00000000
Register v0:00000000
Register v0:00000000
Register v0:00000000
Register v0:00000000
Register v0:00000000
Register v0:00000000
Register v0:00000000
Register v0:00000000
Register v0:00000000
Register v0:00000000
Register v0:00000000
Register v0:00000000
Register v0:00000000
Register v0:00000000
Register v0:00000000
Register v0:00000000
Register v0:00000000
Register v0:00000000
Register v0:00000000
Register v0:00000000
Register v0:00000000
Register v0:00000000
Register v0:00000000
Register v0:00000000
Register v0:00000000
Register v0:00000000
Register v0:00000000
Register v0:00000000
Register v0:00000000
Register v0:00000000
Register v0:00000000
Register v0:00000000
Register v0:00000000
Register v0:00000000
Register v0:00000000
Register v0:00000000
Register v0:00000000
Register v0:00000000
Register v0:00000000
Register v0:00000000
Register v0:00000000
Register v0:00000000
Register v0:00000000
Register v0:00000000
Register v0:00000000
Register v0:00000000
Register v0:00000000
Register v0:00000000
Register v0:00000000
Register v0:00000000
Register v0:00000000
Register v0:00000000
Register v0:00000000
Register v0:00000000
Register v0:00000000
Register v0:00000000
Register v0:00000000
Register v0:00000000
Register v0:00000000
Register v0:00000000
Register v0:00000000
Register v0:00000000
Register v0:00000000
Register v0:00000000
Register v0:00000000
Register v0:00000000
Register v0:00000000
Register v0:00000000
Register v0:00000000
Register v0:00000000
Register v0:00000000
Register v0:00000000
Register v0:00000000
Register v0:00000000
Register v0:00000000
Register v0:00000000
Register v0:00000000
Register v0:00000000
Register v0:00000000
Register v0:00000000
Register v0:00000000
Register v0:00000000
Register v0:00000000
Register v0:00000000
Register v0:00000000
Register v0:00000000
Register v0:00000000
Register v0:00000000
Register v0:00000000
Register v0:00000000
Register v0:00000000
Register v0:00000000
Register v0:00000000
Register v0:00000000
Register v0:00000000
Register v0:00000000
Register v0:00000000
Register v0:00000000
Register v0:00000000
Register v0:00000000
Register v0:00000000
Register v0:00000000
Register v0:00000000
Register v0:00000000
Register v0:00000000
Register v0:00000000
Register v0:00000000
Register v0:00000000
Register v0:00000000
Register v0:00000000
Register v0:00000000
Register v0:00000000
Register v0:00000000
Register v0:00000000
Register v0:00000000
Register v0:00000000
Register v0:00000000
Register v0:00000000
Register v0:00000000
Register v0:00000000
Register v0:00000000
Register v0:00000000
Register v0:00000000
Register v0:00000000
Register v0:00000000
Register v0:00000000
Register v0:00000000
Register v0:00000000
Register v0:00000000
Register v0:00000000
Register v0:00000000
Register v0:00000000
Register v0:00000000
Register v0:00000000
Register v0:00000000
Register v0:00000000
Register v0:00000000
Register v0:00000000
Register v0:00000000
Register v0:00000000
Register v0:00000000
Register v0:00000000
Register v0:00000000
Register v0:00000000
Register v0:00000000
Register v0:00000000
Register v0:00000000
Register v0:00000000
Register v0:00000000
Register v0:00000000
Register v0:00000000
Register v0:00000000
Register v0:00000000
Register v0:00000000
Register v0:00000000
Register v0:00000000
Register v0:00000000
Register v0:00000000
Register v0:00000000
Register v0:00000000
Register v0:00000000
Register v0:00000000
Register v0:00000000
Register v0:00000000
Register v0:00000000
Register v0:00000000
Register v0:00000000
Register v0:00000000
Register v0:00000000
Register v0:00000000
Register v0:00000000
Register v0:00000000
Register v0:00000000
Register v0:00000000
Register v0:00000000
Register v0:00000000
Register v0:00000000
Register v0:00000000
Register v0:00000000
Register v0:00000000
Register v0:00000000
Register v0:00000000
Register v0:00000000
Register v0:00000000
Register v0:00000000
Register v0:00000000
Register v0:00000000
Register v0:00000000
Register v0:00000000
Register v0:00000000
Register v0:00000000
Register v0:00000000
Register v0:00000000
Register v0:00000000
Register v0:00000000
Register v0:00000000
Register v0:00000000
Register v0:00000000
Register v0:00000000
Register v0:00000000
Register v0:00000000
Register v0:00000000
Register v0:00000000
Register v0:00000000
Register v0:00000000
Register v0:00000000
Register v0:00000000
Register v0:00000000
Register v0:00000000
Register v0:00000000
Register v0:00000000
Register v0:00000000
Register v0:00000000
Register v0:00000000
Register v0:00000000
Register v0:00000000
Register v0:00000000
Register v0:00000000
Register v0:00000000
Register v0:00000000
Register v0:00000000
Register v0:00000000
Register v0:00000000
Register v0:00000000
Register v0:00000000
Register v0:00000000
Register v0:00000000
Register v0:00000000
Register v0:00000000
Register v0:00000000
Register v0:00000000
Register v0:00000000
Register v0:00000000
Register v0:00000000
Register v0:00000000
Register v0:00000000
Register v0:00000000
Register v0:00000000
Register v0:00000000
Register v0:00000000
Register v0:00000000
Register v0:00000000
Register v0:00000000
Register v0:00000000
Register v0:00000000
Register v0:00000000
Register v0:00000000
Register v0:00000000
Register v0:00000000
Register v0:00000000
Register v0:00000000
Register v0:00000000
Register v0:00000000
Register v0:00000000
Register v0:00000000
Register v0:00000000
Register v0:00000000
Register v0:00000000
Register v0:00000000
Register v0:00000000
Register v0:00000000
Register v0:00000000
Register v0:00000000
Register v0:00000000
Register v0:00000000
Register v0:00000000
Register v0:00000000
Register v0:00000000
Register v0:00000000
Register v0:00000000
Register v0:00000000
Register v0:00000000
Register v0:00000000
Register v0:00000000
Register v0:00000000
Register v0:00000000
Register v0:00000000
Register v0:00000000
Register v0:00000000
Register v0:00000000
Register v0:00000000
Register v0:00000000
Register v0:00000000
Register v0:00000000
Register v0:00000000
Register v0:00000000
Register v0:00000000
Register v0:00000000
Register v0:00000000
Register v0:00000000
Register v0:00000000
Register v0:00000000
Register v0:00000000
Register v0:00000000
Register v0:00000000
Register v0:00000000
Register v0:00000000
Register v0:00000000
Register v0:00000000
Register v0:00000000
Register v0:00000000
Register v0:00000000
Register v0:00000000
Register v0:00000000
Register v0:00000000
Register v0:00000000
Register v0:00000000
Register v0:00000000
Register v0:00000000
Register v0:00000000
Register v0:00000000
Register v0:00000000
Register v0:00000000
Register v0:00000000
Register v0:00000000
Register v0:00000000
Register v0:00000000
Register v0:00000000
Register v0:00000000
Register v0:00000000
Register v0:00000000
Register v0:00000000
Register v0:00000000
Register v0:00000000
Register v0:00000000
Register v0:00000000
Register v0:00000000
Register v0:00000000
Register v0:00000000
Register v0:00000000
Register v0:00000000
Register v0:00000000
Register v0:00000000
Register v0:00000000
Register v0:00000000
Register v0:00000000
Register v0:00000000
Register v0:00000000
Register v0:00000000
Register v0:00000000
Register v0:00000000
Register v0:00000000
Register v0:00000000
Register v0:00000000
Register v0:00000000
Register v0:00000000
Register v0:00000000
Register v0:00000000
Register v0:00000000
Register v0:00000000
Register v0:00000000
FATAL: ./test/mips_cpu_harvard_tb.v:41: Simulation did not finish within        1000 cycles.
       Time: 2000000 Scope: mips_cpu_harvard_tb
