WARNING: ./test/instruction_memory.v:22: $readmemh(./test/cases/andi_1.bytes.txt): Not enough words in the file for the requested range [32:1023].
VCD info: dumpfile mips_cpu_harvard_tb.vcd opened for output.
Register v0:00000000
Register v0:00000000
Register v0:00000000
Register v0:00000000
Register v0:00001000
Register v0:00001000
Output at v0:00001000
TB : finished; running=0
