WARNING: ./test/instruction_memory.v:22: $readmemh(./test/cases/divu_4.bytes.txt): Not enough words in the file for the requested range [32:1023].
VCD info: dumpfile mips_cpu_harvard_tb.vcd opened for output.
Register v0:00000000
Register v0:00000000
Register v0:00000000
Register v0:00000000
Register v0:ffffe132
Register v0:ffffe132
Output at v0:ffffe132
TB : finished; running=0
