WARNING: ./test/instruction_memory.v:22: $readmemh(./test/cases/addu_5.bytes.txt): Not enough words in the file for the requested range [32:1023].
VCD info: dumpfile mips_cpu_harvard_tb.vcd opened for output.
Register v0:00000000
Register v0:00000000
Register v0:00000000
Register v0:ffffd678
Register v0:ffffd678
Output at v0:ffffd678
TB : finished; running=0
