WARNING: ./test/instruction_memory.v:22: $readmemh(./test/cases/sh_4.bytes.txt): Not enough words in the file for the requested range [32:1023].
VCD info: dumpfile mips_cpu_harvard_tb.vcd opened for output.
Register v0:00000000
Register v0:00000000
Register v0:00000000
Register v0:1010xxxx
Register v0:1010xxxx
Output at v0:1010xxxx
TB : finished; running=0
